main.c:112:6:Tick	4	static
main.c:120:6:Check_mode	8	static
main.c:133:6:pwmStop	8	static
main.c:140:6:pwmStart	8	static
main.c:148:6:ADC_Vout	16	static
main.c:165:6:ADC_Shift_phase	8	static
main.c:177:6:ADC_Temp	8	static
main.c:202:9:Chech_temp	8	static
main.c:217:6:Pwm_out	16	static
main.c:270:6:Blue_led	16	static
main.c:286:6:Two_phase_mode	8	static
main.c:318:6:One_phase_mode	8	static
main.c:359:5:main	8	static
main.c:418:6:SystemClock_Config	88	static
main.c:462:13:MX_ADC1_Init	56	static
main.c:536:13:MX_TIM2_Init	64	static
main.c:594:13:MX_TIM3_Init	64	static
main.c:663:13:MX_TIM4_Init	64	static
main.c:721:13:MX_GPIO_Init	48	static
main.c:767:6:Error_Handler	4	static,ignoring_inline_asm
